// Jest Snapshot v1, https://goo.gl/fbAQLP

exports[`The list movie data is correct 1`] = `
Array [
  Object {
    "biDanh": "rasing-hope",
    "danhGia": 10,
    "hinhAnh": "http://movie0706.cybersoft.edu.vn/hinhanh/rasing-hope_gp01.png",
    "maNhom": "GP01",
    "maPhim": 1314,
    "moTa": "phim hay quá trời",
    "ngayKhoiChieu": "2021-06-01T12:28:17.677",
    "tenPhim": "Rasing Hope",
    "trailer": "https://youtube.com/embed/7V7SBjaQQ4g",
  },
  Object {
    "biDanh": "bo-gia",
    "danhGia": 10,
    "hinhAnh": "http://movie0706.cybersoft.edu.vn/hinhanh/bo-gia_gp01.jpg",
    "maNhom": "GP01",
    "maPhim": 1329,
    "moTa": "Tui Chưa Coi Nên Chưa Biết Đâu",
    "ngayKhoiChieu": "2021-04-03T00:00:00",
    "tenPhim": "Bố Già",
    "trailer": "https://www.youtube.com/embed/jluSu8Rw6YE",
  },
  Object {
    "biDanh": "avenger",
    "danhGia": 10,
    "hinhAnh": "http://movie0706.cybersoft.edu.vn/hinhanh/avenger_gp01.jpg",
    "maNhom": "GP01",
    "maPhim": 1344,
    "moTa": "Giám Mục Bóng Tối (Woo Do Hwan) – tên quỷ Satan đột lốt người. Từ đó sự thật về cái chết của cha Yong Hu cũng dần được hé lộ cũng như nguyên nhân anh trở thành “người được chọn”.",
    "ngayKhoiChieu": "2021-05-27T00:00:00",
    "tenPhim": "Avenger",
    "trailer": "https://youtu.be/TcMBFSGVi1c",
  },
  Object {
    "biDanh": "vo-3",
    "danhGia": 10,
    "hinhAnh": "http://movie0706.cybersoft.edu.vn/hinhanh/vo-3_gp01.jpg",
    "maNhom": "GP01",
    "maPhim": 1359,
    "moTa": "hay",
    "ngayKhoiChieu": "2020-10-10T00:00:00",
    "tenPhim": "Vợ 3",
    "trailer": "https://www.youtube.com/embed/MyqZf8LiWvM",
  },
  Object {
    "biDanh": "natra-two-3",
    "danhGia": 2,
    "hinhAnh": "http://movie0706.cybersoft.edu.vn/hinhanh/natra-two-3_gp01.jpeg",
    "maNhom": "GP01",
    "maPhim": 1374,
    "moTa": "ababababababab",
    "ngayKhoiChieu": "2021-05-13T00:00:00",
    "tenPhim": "Natra Two 3",
    "trailer": "https://youtu.be/nmBrP8wWxxU",
  },
  Object {
    "biDanh": "diep-van",
    "danhGia": 8,
    "hinhAnh": "http://movie0706.cybersoft.edu.vn/hinhanh/diep-van_gp01.jpg",
    "maNhom": "GP01",
    "maPhim": 1389,
    "moTa": "Diệp Vấn là một bộ phim điện ảnh võ thuật bán tiểu sử của Hồng Kông, công chiếu vào năm 2008. Phim nói về một quãng đời của Diệp Vấn, một trong những danh sư của võ phái Vịnh Xuân quyền.",
    "ngayKhoiChieu": "2021-05-04T00:00:00",
    "tenPhim": "Diệp Vấn",
    "trailer": "https://www.youtube.com/embed/lzIkybm47to",
  },
  Object {
    "biDanh": "mat-biec",
    "danhGia": 10,
    "hinhAnh": "http://movie0706.cybersoft.edu.vn/hinhanh/mat-biec_gp01.jpg",
    "maNhom": "GP01",
    "maPhim": 1404,
    "moTa": "Trứng rán cần mỡ, bắp cần bơ, yêu không cần cớ, cần cậu cơ ",
    "ngayKhoiChieu": "2002-02-12T00:00:00",
    "tenPhim": "Mắt Biếc",
    "trailer": "https://www.youtube.com/embed/RFinNxS5KN4",
  },
  Object {
    "biDanh": "hai-dua-tre",
    "danhGia": 10,
    "hinhAnh": "http://movie0706.cybersoft.edu.vn/hinhanh/hai-dua-tre_gp01.png",
    "maNhom": "GP01",
    "maPhim": 1419,
    "moTa": "Hai Đứa Trẻ Mồ Côi",
    "ngayKhoiChieu": "2020-02-12T00:00:00",
    "tenPhim": "Hai đứa trẻ",
    "trailer": "https://www.youtube.com/embed/AAgnQdiZFsQ",
  },
  Object {
    "biDanh": "tennet-2",
    "danhGia": 10,
    "hinhAnh": "http://movie0706.cybersoft.edu.vn/hinhanh/abcabc_gp01.png",
    "maNhom": "GP01",
    "maPhim": 1434,
    "moTa": "In a stark desert landscape where humanity is broken, two rebels just might be able to restore order: Max, a man of action and of few words, and Furiosa, a woman of action who is looking to make it back to her childhood homeland.",
    "ngayKhoiChieu": "2020-10-10T00:00:00",
    "tenPhim": "Tennet 2",
    "trailer": "https://www.youtube.com/embed/hEJnMQG9ev8",
  },
  Object {
    "biDanh": "true-detective",
    "danhGia": 10,
    "hinhAnh": "http://movie0706.cybersoft.edu.vn/hinhanh/true-detective_gp01.jpeg",
    "maNhom": "GP01",
    "maPhim": 1449,
    "moTa": "An anthology series in which police investigations unearth the personal and professional secrets of those involved, both within and outside the law.",
    "ngayKhoiChieu": "2021-04-04T00:00:00",
    "tenPhim": "True Detective",
    "trailer": "https://www.youtube.com/embed/TXwCoNwBSkQ",
  },
  Object {
    "biDanh": "the-longest-ride",
    "danhGia": 5,
    "hinhAnh": "http://movie0706.cybersoft.edu.vn/hinhanh/thelongestride.jpg",
    "maNhom": "GP01",
    "maPhim": 1464,
    "moTa": "After an automobile crash, the lives of a young couple intertwine with a much older man, as he reflects back on a past love.",
    "ngayKhoiChieu": "2019-07-29T00:00:00",
    "tenPhim": "The Longest Ride",
    "trailer": "https://www.youtube.com/embed/FUS_Q7FsfqU",
  },
  Object {
    "biDanh": "dep-gai-khong-co-gi-sai",
    "danhGia": 10,
    "hinhAnh": "http://movie0706.cybersoft.edu.vn/hinhanh/dep-gai-khong-co-gi-sai_gp01.png",
    "maNhom": "GP01",
    "maPhim": 1479,
    "moTa": "lll",
    "ngayKhoiChieu": "2021-03-23T14:41:47.373",
    "tenPhim": "Đẹp gái không có gì sai",
    "trailer": "https://www.youtube.com/embed/0M15BMH8K1I",
  },
  Object {
    "biDanh": "gene",
    "danhGia": 4,
    "hinhAnh": "http://movie0706.cybersoft.edu.vn/hinhanh/gene_gp01.jpg",
    "maNhom": "GP01",
    "maPhim": 1494,
    "moTa": "SpaceSpeaker",
    "ngayKhoiChieu": "2020-01-02T00:00:00",
    "tenPhim": "Gene",
    "trailer": "https://www.youtube.com/embed/cX-Oqdt7gmc",
  },
  Object {
    "biDanh": "specter",
    "danhGia": 10,
    "hinhAnh": "http://movie0706.cybersoft.edu.vn/hinhanh/spectre.jpg",
    "maNhom": "GP01",
    "maPhim": 1509,
    "moTa": "A cryptic message from Bond's past sends him on a trail to uncover a sinister organization. While M battles political forces to keep the secret service alive, Bond peels back the layers of deceit to reveal the terrible truth behind SPECTRE.",
    "ngayKhoiChieu": "2021-04-22T00:00:00",
    "tenPhim": "Specter",
    "trailer": "https://www.youtube.com/embed/LTDaET-JweU",
  },
  Object {
    "biDanh": "chuyen-ngay-xua-o-hollywood",
    "danhGia": 9,
    "hinhAnh": "http://movie0706.cybersoft.edu.vn/hinhanh/chuyen-ngay-xua-o-hollywood_gp01.jpg",
    "maNhom": "GP01",
    "maPhim": 1524,
    "moTa": "Chuyện Ngày Xưa ở... Hollywood lấy bối cảnh Los Angeles vào năm 1969 với hai nhân vật chính là Rick Dalton - cựu ngôi sao của một bộ phim truyền hình viễn Tây - và người đóng thế lâu năm cho anh là Cliff Booth. ",
    "ngayKhoiChieu": "2019-08-02T00:00:00",
    "tenPhim": "Chuyện Ngày Xưa Ở Hollywood",
    "trailer": "https://www.youtube.com/embed/NBdkQGFDNXY",
  },
  Object {
    "biDanh": "angry-bird-2",
    "danhGia": 10,
    "hinhAnh": "http://movie0706.cybersoft.edu.vn/hinhanh/angry-bird-2_gp01.jpg",
    "maNhom": "GP01",
    "maPhim": 1539,
    "moTa": "Angry Birds 2 tiếp tục kể về âm mưu trả thù Angry Birds sau cuộc đại chiến giành lại trứng ở Angry Birds 1 của Vua Lợn. Thế nhưng cuối cùng cả hai lại phải bắt tay hợp tác để chống lại nữ hoàng băng giá Zeta. Kẻ đã dùng đại bác phá hủy đảo Heo và đảo Chim, khiến cư dân của hai hòn đảo bỏ chạy toán loạn.",
    "ngayKhoiChieu": "2025-11-30T00:00:00",
    "tenPhim": "Angry Bird 2 ",
    "trailer": "https://www.youtube.com/embed/RDj8Y2K0ODA",
  },
  Object {
    "biDanh": "mat-biec",
    "danhGia": 5,
    "hinhAnh": "http://movie0706.cybersoft.edu.vn/hinhanh/mat-biec_gp01.jpg",
    "maNhom": "GP01",
    "maPhim": 2528,
    "moTa": "Mắt biếc (tựa tiếng Anh: Dreamy Eyes) là một phim điện ảnh Việt Nam do Victor Vũ đạo diễn[2], chuyển thể từ truyện dài cùng tên của nhà văn Nguyễn Nhật Ánh[3]. Phim ra mắt vào ngày 20 tháng 12 năm 2019. Đây là bộ phim thứ hai của Victor Vũ đạo diễn dựa trên truyện dài của Nguyễn Nhật Ánh sau thành công từ phim Tôi thấy hoa vàng trên cỏ xanh năm 2015.",
    "ngayKhoiChieu": "2020-03-14T00:00:00",
    "tenPhim": "Mắt Biếc",
    "trailer": "https://www.youtube.com/embed/KSFS0OfIK2c",
  },
  Object {
    "biDanh": "egg-can-mo",
    "danhGia": 4,
    "hinhAnh": "http://movie0706.cybersoft.edu.vn/hinhanh/egg-can-mo_gp01.jpg",
    "maNhom": "GP01",
    "maPhim": 2532,
    "moTa": "Trứng rán cần mỡ (cười duyên) bắp cần bơ yêu không cần cớ (cắn lưỡi) cần cậu cơ",
    "ngayKhoiChieu": "2020-07-11T00:00:00",
    "tenPhim": "Egg cần mỡ",
    "trailer": "https://www.youtube.com/embed/uMnaJxLNljM",
  },
  Object {
    "biDanh": "dragonball",
    "danhGia": 2,
    "hinhAnh": "http://movie0706.cybersoft.edu.vn/hinhanh/dragonball_gp01.jpg",
    "maNhom": "GP01",
    "maPhim": 2598,
    "moTa": "Son Goku",
    "ngayKhoiChieu": "2020-03-14T00:00:00",
    "tenPhim": "DragonBall",
    "trailer": "https://www.youtube.com/embed/FHgm89hKpXU",
  },
  Object {
    "biDanh": "chuyen-tau-may-man",
    "danhGia": 10,
    "hinhAnh": "http://movie0706.cybersoft.edu.vn/hinhanh/chuyen-tau-may-man_gp01.jpg",
    "maNhom": "GP01",
    "maPhim": 2602,
    "moTa": "1234",
    "ngayKhoiChieu": "2021-03-16T04:09:38.81",
    "tenPhim": "Chuyến tàu may mắn",
    "trailer": "https://www.youtube.com/embed/uC9qU3X1JgM",
  },
  Object {
    "biDanh": "co-be-nhan-nho",
    "danhGia": 10,
    "hinhAnh": "http://movie0706.cybersoft.edu.vn/hinhanh/cao-cau-bay-gio-o-do-ma-edit-phim-to-di_gp01.jpg",
    "maNhom": "GP01",
    "maPhim": 2603,
    "moTa": "Dài quá ghi ngắn thôi, tràn hết cả data.",
    "ngayKhoiChieu": "2021-04-03T20:31:55.517",
    "tenPhim": "Cô bé nhăn nhó",
    "trailer": "https://www.youtube.com/embed/78ngg0SRlEI",
  },
  Object {
    "biDanh": "natra-5",
    "danhGia": 10,
    "hinhAnh": "http://movie0706.cybersoft.edu.vn/hinhanh/thuong_gp01.png",
    "maNhom": "GP01",
    "maPhim": 2772,
    "moTa": "djdhkdjhkjd",
    "ngayKhoiChieu": "2020-10-10T00:00:00",
    "tenPhim": "Natra 5",
    "trailer": "https://www.youtube.com/watch?v=5eoxDDWUBNQ",
  },
  Object {
    "biDanh": "dau-pha-thuong-khung",
    "danhGia": 10,
    "hinhAnh": "http://movie0706.cybersoft.edu.vn/hinhanh/dau-pha-thuong-khung_gp01.jpg",
    "maNhom": "GP01",
    "maPhim": 2795,
    "moTa": "Dau pha thuong khung",
    "ngayKhoiChieu": "2020-05-16T00:00:00",
    "tenPhim": "Dau pha thuong khung",
    "trailer": "https://www.youtube.com/embed/S3AVcCggRnU",
  },
  Object {
    "biDanh": "wonder-woman-1984",
    "danhGia": 8,
    "hinhAnh": "http://movie0706.cybersoft.edu.vn/hinhanh/wonder-woman-1984_gp01.jpg",
    "maNhom": "GP01",
    "maPhim": 2803,
    "moTa": "Lấy bối cảnh thời kỳ Chiến tranh Lạnh, Wonder Woman 1984 sẽ xoay quanh cuộc đối đầu giữa Nữ thần Chiến binh và Yêu nữ Báo đốm Cheetah.",
    "ngayKhoiChieu": "2020-08-14T00:00:00",
    "tenPhim": "Wonder woman 1984",
    "trailer": "https://youtu.be/sfM7_JLk-84",
  },
  Object {
    "biDanh": "tan-dat-ky-tru-vuong",
    "danhGia": 10,
    "hinhAnh": "http://movie0706.cybersoft.edu.vn/hinhanh/tan-dat-ky-tru-vuong_gp01.jpg",
    "maNhom": "GP01",
    "maPhim": 2854,
    "moTa": "jgrkfjggjrf",
    "ngayKhoiChieu": "2021-05-01T00:00:00",
    "tenPhim": "Tan dat  ky tru vuong",
    "trailer": "https://www.youtube.com/watch?v=AntcyqJ6brc",
  },
  Object {
    "biDanh": "transformers",
    "danhGia": 8,
    "hinhAnh": "http://movie0706.cybersoft.edu.vn/hinhanh/transformers_gp01.png",
    "maNhom": "GP01",
    "maPhim": 2864,
    "moTa": "Cách đây chừng 4 triệu năm, trên hành tinh Cybertron xa xôi tồn tại một nền văn minh của robot. nhưng rồi nền văn minh ấy bị tàn phá bởi cuộc chiến kéo dài nhiều thế kỷ giữa hai chủng người máy: autobot (phe thiện) và deception (phe ác). Chúng đánh nhau để tranh giành allspark (thực thể lập phương) – thứ có khả năng mang tới quyền lực tối thượng cho kẻ sở hữu nó. ",
    "ngayKhoiChieu": "2020-04-20T00:00:00",
    "tenPhim": "Transformers",
    "trailer": "https://www.youtube.com/watch?v=AntcyqJ6brc",
  },
  Object {
    "biDanh": "cuoc-song-mong-co",
    "danhGia": 10,
    "hinhAnh": "http://movie0706.cybersoft.edu.vn/hinhanh/cuoc-song-mong-co_gp01.jpg",
    "maNhom": "GP01",
    "maPhim": 3394,
    "moTa": "stringdsdsdsdsd",
    "ngayKhoiChieu": "2020-10-10T00:00:00",
    "tenPhim": "Cuộc sống Mông Cổ",
    "trailer": "string",
  },
  Object {
    "biDanh": "japan",
    "danhGia": 10,
    "hinhAnh": "http://movie0706.cybersoft.edu.vn/hinhanh/japan_gp01.jpg",
    "maNhom": "GP01",
    "maPhim": 4031,
    "moTa": "test",
    "ngayKhoiChieu": "2020-10-10T00:00:00",
    "tenPhim": "Japan",
    "trailer": "TEST",
  },
  Object {
    "biDanh": "avenger-2",
    "danhGia": 10,
    "hinhAnh": "http://movie0706.cybersoft.edu.vn/hinhanh/avenger-t-u-2_gp01.jpg",
    "maNhom": "GP01",
    "maPhim": 4284,
    "moTa": "king of rap",
    "ngayKhoiChieu": "2021-03-23T14:42:10.747",
    "tenPhim": "Avenger 2",
    "trailer": "https://www.youtube.com/watch?v=ZM719KtmKzs",
  },
  Object {
    "biDanh": "thep-da-toi-the-day",
    "danhGia": 10,
    "hinhAnh": "http://movie0706.cybersoft.edu.vn/hinhanh/thep-da-toi-the-day_gp01.jpg",
    "maNhom": "GP01",
    "maPhim": 4329,
    "moTa": "Chào mừng bạn đến với tab nội dung đang theo dõi mới! Khám phá ý tưởng từ những người bạn theo dõi...",
    "ngayKhoiChieu": "2020-12-10T00:00:00",
    "tenPhim": "Thép đã tôi thê đấy",
    "trailer": "https://www.youtube.com/watch?v=p25V4fypHmg",
  },
  Object {
    "biDanh": "narutooo",
    "danhGia": 22,
    "hinhAnh": "http://movie0706.cybersoft.edu.vn/hinhanh/narutooo_gp01.jpg",
    "maNhom": "GP01",
    "maPhim": 4332,
    "moTa": "ICD quán quân không nói nhiều",
    "ngayKhoiChieu": "2021-05-21T00:00:00",
    "tenPhim": "Narutooô",
    "trailer": "https://www.youtube.com/embed/leshlejZaAE",
  },
  Object {
    "biDanh": "sky-toura",
    "danhGia": 8,
    "hinhAnh": "http://movie0706.cybersoft.edu.vn/hinhanh/sky-toura_gp01.jpg",
    "maNhom": "GP01",
    "maPhim": 4428,
    "moTa": "Lần đầu tiên tại Việt Naam, một nghệ sĩ phát hành bộ phim tài liệu âm nhạc về tour diễn của mình trên màn ảnh rộng. Bộ phim hứa hẹn sẽ đem đến cho khán giả những khoảnh khắc đẹp đẽ nhất về sự kiện âm nhạc đình đám nhất năm 2019, khi Sơn Tùng M-TP hết mình cùng hàng nghìn người hâm mộ trong âm nhạc và cả những cảnh hậu trường ghi lại toàn bộ quá trình chuẩn bị và sản xuất SKY TOUR.",
    "ngayKhoiChieu": "2020-06-12T00:00:00",
    "tenPhim": "Sky Toura",
    "trailer": "https://www.youtube.com/embed/t7m1iqs_b-U",
  },
  Object {
    "biDanh": "chi-muoi-ba",
    "danhGia": 10,
    "hinhAnh": "http://movie0706.cybersoft.edu.vn/hinhanh/chi-muoi-ba_gp01.jpg",
    "maNhom": "GP01",
    "maPhim": 4430,
    "moTa": "Chị Mười Ba đưa Kẽm Gai, tay đàn em cũ vừa mới ra tù, lên Đà Lạt để làm việc cho tiệm Gara của mình. Tại đây, Kẽm Gai dường như đã tìm lại được sự bình yên và hạnh phúc. Tuy vậy, anh sớm trở thành đối tượng bị tình nghi giết hại Đức Mát - em trai của đại ca Thắng Khùng khét tiếng đất Đà Lạt - và phải trốn chạy.",
    "ngayKhoiChieu": "2020-11-01T14:54:02.07",
    "tenPhim": "Chị Mười Ba",
    "trailer": "https://www.youtube.com/embed/zxvHV58lp6s",
  },
  Object {
    "biDanh": "vuot-qua-song-gio",
    "danhGia": 10,
    "hinhAnh": "http://movie0706.cybersoft.edu.vn/hinhanh/vuot-qua-song-gio_gp01.jpg",
    "maNhom": "GP01",
    "maPhim": 4431,
    "moTa": "HKT vượt qua sóng gió là bộ phim nói về vieecjj nhóm nhạc abcxyz",
    "ngayKhoiChieu": "2020-10-10T00:00:00",
    "tenPhim": "Vượt Qua Sóng Gió ",
    "trailer": "https://www.youtube.com/embed/1HpZevFifuo",
  },
  Object {
    "biDanh": "luot-song",
    "danhGia": 10,
    "hinhAnh": "http://movie0706.cybersoft.edu.vn/hinhanh/luot-song_gp01.jpg",
    "maNhom": "GP01",
    "maPhim": 4467,
    "moTa": "phim thầy kể về một người thầy vui tính",
    "ngayKhoiChieu": "2020-10-10T00:00:00",
    "tenPhim": "Lướt Sóng",
    "trailer": "https://www.youtube.com/embed/1HpZevFifuo",
  },
  Object {
    "biDanh": "mot-ngay-an-lanh",
    "danhGia": 10,
    "hinhAnh": "http://movie0706.cybersoft.edu.vn/hinhanh/mot-ngay-an-lanh_gp01.jpg",
    "maNhom": "GP01",
    "maPhim": 4468,
    "moTa": "phim người thầy",
    "ngayKhoiChieu": "2021-03-16T03:30:43.907",
    "tenPhim": "Một Ngày An Lành",
    "trailer": "https://www.youtube.com/watch?v=p25V4fypHmg",
  },
  Object {
    "biDanh": "day-la-gap-bo",
    "danhGia": 10,
    "hinhAnh": "http://movie0706.cybersoft.edu.vn/hinhanh/my-shunshine_gp01.jpg",
    "maNhom": "GP01",
    "maPhim": 4517,
    "moTa": "okkkkkkkkkkkkkp",
    "ngayKhoiChieu": "2020-10-10T00:00:00",
    "tenPhim": "day la gap bơ",
    "trailer": "https://www.youtube.com/embed/dyuUk_gMRkc",
  },
  Object {
    "biDanh": "rapviet",
    "danhGia": 10,
    "hinhAnh": "http://movie0706.cybersoft.edu.vn/hinhanh/rapviet_gp01.jpg",
    "maNhom": "GP01",
    "maPhim": 4552,
    "moTa": "Đây là Rap Việt",
    "ngayKhoiChieu": "2020-11-17T19:54:52.82",
    "tenPhim": "RapViet",
    "trailer": "",
  },
  Object {
    "biDanh": "hay-trao-cho-anh",
    "danhGia": 10,
    "hinhAnh": "http://movie0706.cybersoft.edu.vn/hinhanh/hay-trao-cho-anh_gp01.jpg",
    "maNhom": "GP01",
    "maPhim": 4592,
    "moTa": "",
    "ngayKhoiChieu": "2020-10-10T00:00:00",
    "tenPhim": "Hãy Trao Cho Anh",
    "trailer": "https://youtu.be/knW7-x7Y7RE",
  },
  Object {
    "biDanh": "rom-2020",
    "danhGia": 8,
    "hinhAnh": "http://movie0706.cybersoft.edu.vn/hinhanh/rom-2020_gp01.jpg",
    "maNhom": "GP01",
    "maPhim": 4643,
    "moTa": "Lấy bối cảnh một khu chung cư cũ đang chờ giải tỏa tại Sài Gòn, Ròm kể câu chuyện về cuộc sống của những người dân lao động nơi đây. Họ đều chơi số đề với hy vọng kiếm được một khoản tiền lớn để đổi đời. Ròm là cậu bé làm “cò đề” để kiếm sống qua ngày, chuyên tư vấn cho người dân những con số may mắn để họ có cơ may trúng đề.",
    "ngayKhoiChieu": "2020-11-20T00:00:00",
    "tenPhim": "Ròm 2020",
    "trailer": "https://www.youtube.com/watch?v=XRm1P7oGpMQ",
  },
  Object {
    "biDanh": "avatar-2",
    "danhGia": 10,
    "hinhAnh": "http://movie0706.cybersoft.edu.vn/hinhanh/avatar-2_gp01.jpg",
    "maNhom": "GP01",
    "maPhim": 4665,
    "moTa": "Avatar 2 là bộ phim khoa học viễn tưởng sắp ra mắt của Mỹ do James Cameron đạo diễn và 20th Century Studios sản xuất. Đây là bộ phim thứ hai trong loạt phim Avatar, sau Avatar.",
    "ngayKhoiChieu": "2021-01-01T00:00:00",
    "tenPhim": "Avatar 2",
    "trailer": "https://www.youtube.com/embed/M8Mi0elohJw",
  },
  Object {
    "biDanh": "joker",
    "danhGia": 10,
    "hinhAnh": "http://movie0706.cybersoft.edu.vn/hinhanh/joker_gp01.jpg",
    "maNhom": "GP01",
    "maPhim": 4666,
    "moTa": "Joker là một bộ phim điện ảnh giật gân tâm lý của Mỹ được ra mắt vào năm 2019 dựa trên nhân vật cùng tên của DC Comics. Đây là bộ phim đầu tiên trong loạt phim dựa trên DC Comics mà không thuộc trong DC Extended Universe. Bộ phim được phát hành bởi Warner Bros.",
    "ngayKhoiChieu": "2021-02-23T10:34:49.503",
    "tenPhim": "Joker",
    "trailer": "https://www.youtube.com/embed/zAGVQLHvwOY",
  },
  Object {
    "biDanh": "wanted",
    "danhGia": 10,
    "hinhAnh": "http://movie0706.cybersoft.edu.vn/hinhanh/wanted_gp01.jpg",
    "maNhom": "GP01",
    "maPhim": 4667,
    "moTa": "Wanted is a 2008 American action thriller film directed by Timur Bekmambetov and written by Michael Brandt, Derek Haas, and Chris Morgan, loosely based on the comic book miniseries by Mark Millar and J. G. Jones. The film stars James McAvoy, Morgan Freeman, Terence Stamp, Thomas Kretschmann, Common, and Angelina Jolie.",
    "ngayKhoiChieu": "2020-10-10T00:00:00",
    "tenPhim": "Wanted",
    "trailer": "https://www.youtube.com/watch?v=edpEspHOeVU",
  },
  Object {
    "biDanh": "ve-si-sat-thu-the-hitman-s-bodyguard",
    "danhGia": 10,
    "hinhAnh": "http://movie0706.cybersoft.edu.vn/hinhanh/ve-si-sat-thu-the-hitman-s-bodyguard_gp01.jpg",
    "maNhom": "GP01",
    "maPhim": 4668,
    "moTa": "Ryan Reynolds sẽ thủ vai một chuyên gia bảo vệ, được đánh giá hạng AAA còn Samuel Jackson thì hóa thân nhân vật sát thủ bị săn lùng nhất thế giới. Hai người, như hai kẻ không đội trời chung, nhưng lại bị ép phải “bảo vệ” nhau trong suốt 24 giờ. Thật trớ trêu khi một sát thủ “khét tiếng” mà cũng có lúc cần đến vệ sĩ riêng. Và trên hành trình đồng hành từ Anh đến Hague, họ sẽ phải đối mặt và “xử lý” rất nhiều tình huống nguy hiểm hay sự truy đuổi của nhiều nhóm khác nhau.",
    "ngayKhoiChieu": "2020-10-10T00:00:00",
    "tenPhim": "Vệ Sĩ Sát Thủ: The Hitman's Bodyguard",
    "trailer": "https://www.youtube.com/embed/uiYbbPpobUs",
  },
  Object {
    "biDanh": "tenet",
    "danhGia": 10,
    "hinhAnh": "http://movie0706.cybersoft.edu.vn/hinhanh/tenet_gp01.jpg",
    "maNhom": "GP01",
    "maPhim": 4893,
    "moTa": "Tenet là một bộ phim hành động - giật gân và khoa học viễn tưởng phát hành năm 2020 của Mỹ, do Christopher Nolan đạo diễn kiêm biên kịch. Phim có sự tham gia của John David Washington, Robert Pattinson, Elizabeth Debicki, Dimple Kapadia, Michael Caine, cùng Kenneth Branagh.",
    "ngayKhoiChieu": "2020-12-17T15:13:45.953",
    "tenPhim": "Tenet",
    "trailer": "https://www.youtube.com/embed/L3pk_TBkihU",
  },
  Object {
    "biDanh": "biet-doi-diet-quy-gretel-hansel",
    "danhGia": 10,
    "hinhAnh": "http://movie0706.cybersoft.edu.vn/hinhanh/biet-doi-diet-quy-gretel-hansel_gp01.jpg",
    "maNhom": "GP01",
    "maPhim": 4956,
    "moTa": "Gretel & Hansel là một bộ phim kinh dị giả tưởng đen tối năm 2020 dựa trên câu chuyện dân gian Đức \\"Hansel và Gretel\\" của Anh em nhà Grimm. Phim do Oz Perkins đạo diễn, Fred Berger, Brian Kavanaugh-Jones và Dan Kagan sản xuất, với kịch bản của Rob Hayes.",
    "ngayKhoiChieu": "2020-10-10T00:00:00",
    "tenPhim": "Biệt đội diệt quỷ: Gretel & Hansel",
    "trailer": "https://www.youtube.com/embed/QZblQLhKcZQ",
  },
  Object {
    "biDanh": "bac-si-dolittle-chuyen-phieu-luu-than-thoai",
    "danhGia": 10,
    "hinhAnh": "http://movie0706.cybersoft.edu.vn/hinhanh/bac-si-dolittle-chuyen-phieu-luu-than-thoai_gp01.jpg",
    "maNhom": "GP01",
    "maPhim": 4972,
    "moTa": "Dolittle là một bộ phim Mỹ năm 2020 có yếu tố giả tưởng và phiêu lưu của đạo diễn Stephen Gaghan, từ một kịch bản của Gaghan, Dan Gregor, Doug Mand và Chris McKay và một câu chuyện của Thomas Shepherd.",
    "ngayKhoiChieu": "2020-12-17T14:37:27.087",
    "tenPhim": "Bác sĩ Dolittle: Chuyến phiêu lưu thần thoại",
    "trailer": "https://www.youtube.com/embed/JzDpEdkWBCg",
  },
  Object {
    "biDanh": "hobbs-and-shaw",
    "danhGia": 10,
    "hinhAnh": "http://movie0706.cybersoft.edu.vn/hinhanh/hobbs-and-shaw_gp01.jpg",
    "maNhom": "GP01",
    "maPhim": 4987,
    "moTa": "Phim này max hay! luon",
    "ngayKhoiChieu": "2020-02-12T00:00:00",
    "tenPhim": "Hobbs and Shaw",
    "trailer": "https://www.youtube.com/embed/b736ZM_KfEk",
  },
  Object {
    "biDanh": "nu-than-chien-binh-1984-wonder-woman-1984",
    "danhGia": 10,
    "hinhAnh": "http://movie0706.cybersoft.edu.vn/hinhanh/nu-than-chien-binh-1984-wonder-woman-1984_gp01.png",
    "maNhom": "GP01",
    "maPhim": 5029,
    "moTa": "Lấy bối cảnh thời kỳ Chiến tranh Lạnh, Wonder Woman 1984 sẽ xoay quanh cuộc đối đầu giữa Nữ thần Chiến binh và Yêu nữ Báo đốm Cheetah.",
    "ngayKhoiChieu": "2021-01-30T00:00:00",
    "tenPhim": "Nữ Thần Chiến Binh 1984 - Wonder Woman 1984",
    "trailer": "https://www.youtube.com/embed/Vk-gqL3c5qU",
  },
  Object {
    "biDanh": "hoa-phong-nguyet-vu-the-crawler",
    "danhGia": 10,
    "hinhAnh": "http://movie0706.cybersoft.edu.vn/hinhanh/hoa-phong-nguyet-vu-the-crawler_gp01.png",
    "maNhom": "GP01",
    "maPhim": 5030,
    "moTa": "Một chuyên viên khai vấn tâm lý đi tìm manh mối về cái chết của nữ khách hàng và đối diện với những thế lực kì bí đang che giấu một bí mật liên quan đến gia đình anh ta.",
    "ngayKhoiChieu": "2020-12-04T00:00:00",
    "tenPhim": "Hoa Phong Nguyệt Vũ - The Crawler",
    "trailer": "https://www.youtube.com/watch?v=IoyYAaORRrw&feature=emb_logo",
  },
  Object {
    "biDanh": "gia-dinh-croods-ky-nguyen-moi-the-croods-new-age",
    "danhGia": 10,
    "hinhAnh": "http://movie0706.cybersoft.edu.vn/hinhanh/gia-dinh-croods-ky-nguyen-moi-the-croods-new-age_gp01.png",
    "maNhom": "GP01",
    "maPhim": 5031,
    "moTa": "Sinh tồn trong một thế giới tiền sử luôn rình rập hiểm nguy từ đủ loài quái thú hung dữ cho tới thảm họa ngày tận thế, Nhà Croods chưa từng một lần chùn bước. Nhưng giờ đây họ sẽ phải đối mặt với thử thách lớn nhất từ trước tới nay: chung sống với một gia đình khác. Để tìm kiếm một mái nhà an toàn hơn, Nhà Croods bắt đầu hành trình khám phá thế giới tiến tới những vùng đất xa xôi đầy tiềm năng. Một ngày nọ, họ tình cờ lạc vào một nơi yên bình có đầy đủ mọi tiện nghi hiện đại và biệt lập với tường vây bao quanh. Tưởng rằng mọi vấn đề trong cuộc sống sẽ được giải quyết thì Nhà Croods lại phải chấp nhận với sự thật rằng đã có một gia đình khác định cư ở đây đó chính là Nhà Bettermans.",
    "ngayKhoiChieu": "2021-01-15T00:00:00",
    "tenPhim": "Gia Đình Croods: Kỷ Nguyên Mới - The Croods: New Age",
    "trailer": "https://www.youtube.com/watch?v=0qaStyeKpLo&feature=emb_logo",
  },
  Object {
    "biDanh": "cuoc-chien-huy-diet-skylines",
    "danhGia": 10,
    "hinhAnh": "http://movie0706.cybersoft.edu.vn/hinhanh/cuoc-chien-huy-diet-skylines_gp01.png",
    "maNhom": "GP01",
    "maPhim": 5032,
    "moTa": "Khi một loại virus đe dọa biến những người ngoài hành tinh thân thiện đang sinh sống trên trái đất chống lại con người, Đội trưởng Rose Corley phải lãnh đạo một đội lính đánh thuê ưu tú đến thế giới ngoài hành tinh để cứu những gì còn lại của nhân loại",
    "ngayKhoiChieu": "2021-01-23T00:00:00",
    "tenPhim": "Cuộc Chiến Hủy Diệt - Skylines",
    "trailer": "https://www.youtube.com/watch?v=mFgmcsRzvOo",
  },
  Object {
    "biDanh": "birds-of-prey-cuoc-lot-xac-huy-hoang-cua-harley-quinn",
    "danhGia": 10,
    "hinhAnh": "http://movie0706.cybersoft.edu.vn/hinhanh/birds-of-prey-cuoc-lot-xac-huy-hoang-cua-harley-quinn_gp01.jpeg",
    "maNhom": "GP01",
    "maPhim": 5044,
    "moTa": "Birds of prey là một bộ phim siêu anh hùng năm 2020 của Mỹ. Đây là bộ phim thứ tám trong Vũ trụ Mở rộng DC do Cathy Yan đạo diễn, dựa trên kịch bản của Christina Hodson",
    "ngayKhoiChieu": "2021-12-23T00:00:00",
    "tenPhim": "Birds of Prey: Cuộc lột xác huy hoàng của Harley Quinn",
    "trailer": "https://www.youtube.com/embed/kGM4uYZzfu0",
  },
  Object {
    "biDanh": "how-to-train-your-dragon",
    "danhGia": 10,
    "hinhAnh": "http://movie0706.cybersoft.edu.vn/hinhanh/how-to-train-your-dragon_gp01.jpg",
    "maNhom": "GP01",
    "maPhim": 5104,
    "moTa": "A hapless young Viking who aspires to hunt dragons becomes the unlikely friend of a young dragon himself, and learns there may be more to the creatures than he assumed.",
    "ngayKhoiChieu": "2020-05-01T00:00:00",
    "tenPhim": "How To Train Your Dragon",
    "trailer": "https://youtu.be/oKiYuIsPxYk",
  },
  Object {
    "biDanh": "nguoi-can-quen-phai-nho",
    "danhGia": 10,
    "hinhAnh": "http://movie0706.cybersoft.edu.vn/hinhanh/nguoi-can-quen-phai-nho_gp01.png",
    "maNhom": "GP01",
    "maPhim": 5125,
    "moTa": "Người Cần Quên Phải Nhớ xoay quanh Loan, một nữ phóng viên năng động và nhạy bén. Nghi ngờ cái chết đột ngột của cha mình, cô quyết tâm sử dụng kiến thức nghiệp vụ nhằm vén màn bí mật bằng mọi giá. Trên hành trình “phá án”, Loan đã vô ý khiến Bình, gã giang hồ tưởng ngầu mà dễ mến bị chấn thương rồi mất trí nhớ. Trải qua hàng loạt tình huống dở khóc dở cười, hai người họ dần nảy sinh tình cảm với nhau.",
    "ngayKhoiChieu": "2021-12-01T00:00:00",
    "tenPhim": "Người Cần Quên Phải Nhớ",
    "trailer": "https://www.youtube.com/embed/RfLnQkiD3iQ",
  },
  Object {
    "biDanh": "cuoc-song-nhiem-mau-soul",
    "danhGia": 10,
    "hinhAnh": "http://movie0706.cybersoft.edu.vn/hinhanh/cuoc-song-nhiem-mau-soul_gp01.jpeg",
    "maNhom": "GP01",
    "maPhim": 5126,
    "moTa": "Mỗi con người đều có một linh hồn trú ngụ, vậy tại sao linh hồn này lại chọn chúng ta? Điều gì khiến bạn là chính bạn?",
    "ngayKhoiChieu": "2021-03-16T23:38:14.793",
    "tenPhim": "Cuộc sống nhiệm màu - Soul",
    "trailer": "https://www.youtube.com/embed/D6zVlPKn2AI",
  },
  Object {
    "biDanh": "tho-san-quai-vat-monster-hunter",
    "danhGia": 10,
    "hinhAnh": "http://movie0706.cybersoft.edu.vn/hinhanh/tho-san-quai-vat-monster-hunter_gp01.png",
    "maNhom": "GP01",
    "maPhim": 5163,
    "moTa": "Monster Hunter được chuyển thể từ series game nổi tiếng cùng tên của Capcom. Trong phim, đội trưởng Artemis của nữ diễn viên Milla Jovovich (Resident Evil) và đồng đội đã vô tình bước qua một cánh cửa bí ẩn dẫn tới thế giới khác. Tại đây, họ phải chiến đấu với nhiều loài quái vật khổng lồ trong hành trình trở về thế giới. Đồng hành với họ trong trận chiến là nhân vật “Thợ săn” của nam diễn viên Tony Jaa (Ong Bak). Monster Hunter hứa hẹn sẽ là bom tấn hành động với những màn săn quái vật khổng lồ hoành tráng nhất năm 2020.",
    "ngayKhoiChieu": "2020-12-30T00:00:00",
    "tenPhim": "Thợ Săn Quái Vật - Monster Hunter",
    "trailer": "https://www.youtube.com/embed/puQyZsaTtqY",
  },
  Object {
    "biDanh": "josee-nang-tho-cua-toi-josee",
    "danhGia": 10,
    "hinhAnh": "http://movie0706.cybersoft.edu.vn/hinhanh/josee-nang-tho-cua-toi-josee_gp01.png",
    "maNhom": "GP01",
    "maPhim": 5178,
    "moTa": "Bộ phim là câu chuyện tình nên thơ của cậu sinh viên Young Seok (Nam Joo Hyuk) và Josée (Han Ji Min), một cô gái khuyết tật phải ngồi xe lăn vào mùa đông lạnh lẽo. Cuộc gặp gỡ đã khiến thế giới của Josée thay đổi.",
    "ngayKhoiChieu": "2021-02-25T00:00:00",
    "tenPhim": "Josée, Nàng Thơ Của Tôi - Josée",
    "trailer": "https://www.youtube.com/embed/PqNGHKLyPD0",
  },
  Object {
    "biDanh": "vo-sinh-dai-chien",
    "danhGia": 10,
    "hinhAnh": "http://movie0706.cybersoft.edu.vn/hinhanh/vo-sinh-dai-chien_gp01.png",
    "maNhom": "GP01",
    "maPhim": 5200,
    "moTa": "Phim kể về “sự nghiệp” giải ngố của anh chàng Khoa từ Bình Định vào Sài Gòn nhập học. Thích võ thuật từ nhỏ, chân ướt chân ráo vào câu lạc bộ võ Ta của trường và phải lòng ngay “tiểu thư” danh giá của bao chàng theo đuổi.",
    "ngayKhoiChieu": "2021-01-01T00:00:00",
    "tenPhim": "Võ Sinh Đại Chiến",
    "trailer": "https://www.youtube.com/embed/mrNqbx4vUvA",
  },
  Object {
    "biDanh": "a-lonely-person",
    "danhGia": 10,
    "hinhAnh": "http://movie0706.cybersoft.edu.vn/hinhanh/a-lonely-person_gp01.jpg",
    "maNhom": "GP01",
    "maPhim": 5240,
    "moTa": "Đây là bộ phim có thật !",
    "ngayKhoiChieu": "2021-01-17T00:52:09.613",
    "tenPhim": "a lonely person",
    "trailer": "https://www.youtube.com/embed/UMXATImg6e4",
  },
  Object {
    "biDanh": "big-hotel",
    "danhGia": 10,
    "hinhAnh": "http://movie0706.cybersoft.edu.vn/hinhanh/big-hotel_gp01.jpg",
    "maNhom": "GP01",
    "maPhim": 5654,
    "moTa": "ssssssssssss",
    "ngayKhoiChieu": "2020-10-10T00:00:00",
    "tenPhim": "Big Hotel",
    "trailer": "ssssssssssss",
  },
  Object {
    "biDanh": "rich",
    "danhGia": 10,
    "hinhAnh": "http://movie0706.cybersoft.edu.vn/hinhanh/rich_gp01.jpg",
    "maNhom": "GP01",
    "maPhim": 5655,
    "moTa": "asdfasdfa",
    "ngayKhoiChieu": "2021-12-20T00:00:00",
    "tenPhim": "rich",
    "trailer": "asdfasdf",
  },
  Object {
    "biDanh": "kkk",
    "danhGia": 10,
    "hinhAnh": "http://movie0706.cybersoft.edu.vn/hinhanh/kkk_gp01.jpg",
    "maNhom": "GP01",
    "maPhim": 5687,
    "moTa": "kkk",
    "ngayKhoiChieu": "2021-02-15T00:00:00",
    "tenPhim": "kkk",
    "trailer": "kkk",
  },
  Object {
    "biDanh": "vo-ba",
    "danhGia": 10,
    "hinhAnh": "http://movie0706.cybersoft.edu.vn/hinhanh/vo-ba_gp01.jpg",
    "maNhom": "GP01",
    "maPhim": 5748,
    "moTa": "Vợ ba đánh ba vợ",
    "ngayKhoiChieu": "2021-02-26T00:00:00",
    "tenPhim": "Vợ ba",
    "trailer": "vo-ba",
  },
  Object {
    "biDanh": "avatar",
    "danhGia": 10,
    "hinhAnh": "http://movie0706.cybersoft.edu.vn/hinhanh/avatar_gp01.jpg",
    "maNhom": "GP01",
    "maPhim": 5796,
    "moTa": "hay lắm mọi ng ơi",
    "ngayKhoiChieu": "2020-01-01T00:00:00",
    "tenPhim": "avatar",
    "trailer": "https://www.youtube.com/watch?v=6ziBFh3V1aM",
  },
  Object {
    "biDanh": "vvvvvtttt",
    "danhGia": 12,
    "hinhAnh": "http://movie0706.cybersoft.edu.vn/hinhanh/vvvvvtttt_gp01.png",
    "maNhom": "GP01",
    "maPhim": 5914,
    "moTa": "vvvvvttt",
    "ngayKhoiChieu": "2021-03-13T00:00:00",
    "tenPhim": "vvvvvtttt",
    "trailer": "vvvvv",
  },
  Object {
    "biDanh": "death-stranding",
    "danhGia": 10,
    "hinhAnh": "http://movie0706.cybersoft.edu.vn/hinhanh/death-stranding_gp01.jpg",
    "maNhom": "GP01",
    "maPhim": 5918,
    "moTa": "From legendary game creator Hideo Kojima comes an all-new, genre-defying experience. Sam Bridges must brave a world utterly transformed by the Death Stranding. Carrying the disconnected remnants of our future in his hands, he embarks on a journey to reconnect the shattered world one step at a time.",
    "ngayKhoiChieu": "2021-03-01T00:00:00",
    "tenPhim": "Death Stranding",
    "trailer": "https://www.youtube.com/embed/tCI396HyhbQ",
  },
  Object {
    "biDanh": "phimmoi-khong-sap",
    "danhGia": 10,
    "hinhAnh": "http://movie0706.cybersoft.edu.vn/hinhanh/phimmoi-khong-sap_gp01.jpg",
    "maNhom": "GP01",
    "maPhim": 5930,
    "moTa": "motataaa",
    "ngayKhoiChieu": "2021-03-17T06:47:00.96",
    "tenPhim": "phimmoi khong sap",
    "trailer": "trailer hay",
  },
  Object {
    "biDanh": "red-dead-redemtion-2",
    "danhGia": 10,
    "hinhAnh": "http://movie0706.cybersoft.edu.vn/hinhanh/red-dead-redemtion-2_gp01.jpg",
    "maNhom": "GP01",
    "maPhim": 5964,
    "moTa": "Red Dead Redemption 2[a] là một trò chơi hành động-phiêu lưu thuộc chủ đề cao bồi viễn Tây với góc nhìn thứ nhất và thứ ba, được phát triển bởi Rockstar Studios và xuất bản bởi Rockstar Games, phát hành vào ngày 26 tháng 10 năm 2018 cho PlayStation 4 và Xbox One và dự kiến phát hành vào tháng 11 năm 2019 cho Google Stadia và Microsoft Windows. Là trò chơi thứ ba trong sêri Red Dead, tiền truyện (chi tiết xem hậu truyện) và là phần hai của Red Dead Redemption. Đặt bối cảnh hư cấu quay về năm 1899 tại miền viễn Tây Hoa Kỳ, câu chuyện xoay quanh về kẻ ngoài vòng pháp luật Arthur Morgan, một thành viên của băng đảng Van der Line với kẻ đứng đầu là Dutch. Cả băng cố gắng đối phó với sự suy tàn của miền Tây hoang dã và chống lại chính quyền, cùng nhiều đối thủ khác. Câu chuyện cũng theo sau John Marston, nhân vật chính đến từ Red Dead Redemption.",
    "ngayKhoiChieu": "2018-01-01T00:00:00",
    "tenPhim": "Red dead redemtion 2",
    "trailer": "https://www.youtube.com/embed/gmA6MrX81z4",
  },
  Object {
    "biDanh": "bo-gia",
    "danhGia": 10,
    "hinhAnh": "http://movie0706.cybersoft.edu.vn/hinhanh/bo-gia_gp01.jpg",
    "maNhom": "GP01",
    "maPhim": 5967,
    "moTa": "nghe đồn phim hay lắm đi xem đi",
    "ngayKhoiChieu": "2021-03-17T00:00:00",
    "tenPhim": "bố già",
    "trailer": "https://www.youtube.com/embed/jluSu8Rw6YE",
  },
  Object {
    "biDanh": "dgefge",
    "danhGia": 10,
    "hinhAnh": "http://movie0706.cybersoft.edu.vn/hinhanh/dgefge_gp01.jfif",
    "maNhom": "GP01",
    "maPhim": 5984,
    "moTa": "vvvvvv",
    "ngayKhoiChieu": "2021-03-27T00:00:00",
    "tenPhim": "dgefge",
    "trailer": "gfhgfgf",
  },
  Object {
    "biDanh": "hanh-tinh-hon-loan",
    "danhGia": 10,
    "hinhAnh": "http://movie0706.cybersoft.edu.vn/hinhanh/hanh-tinh-hon-loan_gp01.jpg",
    "maNhom": "GP01",
    "maPhim": 6018,
    "moTa": "con gà có trước hay quả trứng có trước",
    "ngayKhoiChieu": "2021-10-02T00:00:00",
    "tenPhim": "hành tinh hỗn loạn",
    "trailer": "sdasda",
  },
  Object {
    "biDanh": "palm-spring",
    "danhGia": 10,
    "hinhAnh": "http://movie0706.cybersoft.edu.vn/hinhanh/palm-spring_gp01.jpg",
    "maNhom": "GP01",
    "maPhim": 6019,
    "moTa": "ni hao ma??",
    "ngayKhoiChieu": "2021-10-02T00:00:00",
    "tenPhim": "palm spring",
    "trailer": "dsasd",
  },
  Object {
    "biDanh": "justice-luege",
    "danhGia": 10,
    "hinhAnh": "http://movie0706.cybersoft.edu.vn/hinhanh/justice-luege_gp01.jpg",
    "maNhom": "GP01",
    "maPhim": 6023,
    "moTa": "RestoreSnyderCut",
    "ngayKhoiChieu": "2021-03-22T20:07:26.357",
    "tenPhim": "Justice Luege",
    "trailer": "https://www.youtube.com/embed/ZrdQSAX2kyw",
  },
  Object {
    "biDanh": "con-bo-xanh",
    "danhGia": 10,
    "hinhAnh": "http://movie0706.cybersoft.edu.vn/hinhanh/con-bo-cuoi_gp01.png",
    "maNhom": "GP01",
    "maPhim": 6029,
    "moTa": "Con Bò Cười",
    "ngayKhoiChieu": "2021-03-23T00:00:00",
    "tenPhim": "Con Bò Xanh",
    "trailer": "https://www.youtube.com/embed/vOXZkm9p_zY",
  },
  Object {
    "biDanh": "neko",
    "danhGia": 10,
    "hinhAnh": "http://movie0706.cybersoft.edu.vn/hinhanh/neko_gp01.jpg",
    "maNhom": "GP01",
    "maPhim": 6052,
    "moTa": "abc xyz",
    "ngayKhoiChieu": "2021-12-22T00:00:00",
    "tenPhim": "Neko",
    "trailer": "https://www.youtube.com/embed/lLlurMAvcKw",
  },
  Object {
    "biDanh": "death-stranding",
    "danhGia": 10,
    "hinhAnh": "http://movie0706.cybersoft.edu.vn/hinhanh/death-stranding_gp01.jpg",
    "maNhom": "GP01",
    "maPhim": 6077,
    "moTa": "From legendary game creator Hideo Kojima comes an all-new, genre-defying experience. Sam Bridges must brave a world utterly transformed by the Death Stranding. Carrying the disconnected remnants of our future in his hands, he embarks on a journey to reconnect the shattered world one step at a time.",
    "ngayKhoiChieu": "2022-02-07T00:00:00",
    "tenPhim": "death Stranding",
    "trailer": "https://www.youtube.com/embed/tCI396HyhbQ",
  },
  Object {
    "biDanh": "bo-gia-victor-3",
    "danhGia": 6,
    "hinhAnh": "http://movie0706.cybersoft.edu.vn/hinhanh/bo-gia-victor-3_gp01.jpg",
    "maNhom": "GP01",
    "maPhim": 6098,
    "moTa": "Phim sẽ xoay quanh lối sống thường nhật của một xóm lao động nghèo, ở đó có bộ tứ anh em Giàu - Sang - Phú - Quý với Ba Sang sẽ là nhân vật chính, hay lo chuyện bao đồng nhưng vô cùng thương con cái. Câu chuyện phim tập trung về hai cha con Ba Sang (Trấn Thành) và Quắn (Tuấn Trần). Dù yêu thương nhau nhưng khoảng cách thế hệ đã đem đến những bất đồng lớn giữa hai cha con. Liệu cả hai có thể cho nhau cơ hội thấu hiểu đối phương, thu hẹp khoảng cách và tạo nên hạnh phúc từ sự khác biệt?",
    "ngayKhoiChieu": "2021-05-18T00:00:00",
    "tenPhim": " Bố Giá Victor 3",
    "trailer": "https://www.youtube.com/embed/WCCp0zbnR50",
  },
  Object {
    "biDanh": "what-s-wrong-with-secretary-kim-2",
    "danhGia": 10,
    "hinhAnh": "http://movie0706.cybersoft.edu.vn/hinhanh/what-s-wrong-with-secretary-kim-2_gp01.PNG",
    "maNhom": "GP01",
    "maPhim": 6117,
    "moTa": "What's Wrong with Secretary Kim? is a 2018 South Korean television series starring Park Seo-joon and Park Min-young. It is based on the novel of the same title by Jung Kyung-yoon which was first published in 2013, which was then serialized into a comic in 2015 via KakaoPage. The series aired on tvN from June 6 to July 26, 2018, on Wednesdays and Thursdays for 16 episodes.",
    "ngayKhoiChieu": "2021-03-21T00:00:00",
    "tenPhim": "What's wrong with secretary kim 2",
    "trailer": "https://youtu.be/uVa1lTvmVhs",
  },
  Object {
    "biDanh": "phimxxxxxxxxxxxqq",
    "danhGia": 10,
    "hinhAnh": "http://movie0706.cybersoft.edu.vn/hinhanh/phimxxxxxxxxxxx_gp01.jpg",
    "maNhom": "GP01",
    "maPhim": 6244,
    "moTa": "xxxxxxxxxxxxxxx",
    "ngayKhoiChieu": "2021-05-15T09:42:44.007",
    "tenPhim": "phimxxxxxxxxxxxqq",
    "trailer": "hhhhhhhhhhhhhh",
  },
  Object {
    "biDanh": "phimxxxxxxxxxxx",
    "danhGia": 7,
    "hinhAnh": "http://movie0706.cybersoft.edu.vn/hinhanh/phimxxxxxxxxxxx_gp01.jpg",
    "maNhom": "GP01",
    "maPhim": 6245,
    "moTa": "xxxxxxxxxxxxxxx",
    "ngayKhoiChieu": "2021-05-15T00:00:00",
    "tenPhim": "phimxxxxxxxxxxx",
    "trailer": "hhhhhhhhhhhhhh",
  },
  Object {
    "biDanh": "123phimsssss",
    "danhGia": 10,
    "hinhAnh": "http://movie0706.cybersoft.edu.vn/hinhanh/123phimsssss_gp01.jpg",
    "maNhom": "GP01",
    "maPhim": 6282,
    "moTa": "111",
    "ngayKhoiChieu": "2021-05-27T00:00:00",
    "tenPhim": "123phimsssss",
    "trailer": "https://youtu.be/_6GO_UUrgko",
  },
  Object {
    "biDanh": "bien-xanh-sieu-do",
    "danhGia": 10,
    "hinhAnh": "http://movie0706.cybersoft.edu.vn/hinhanh/bien-xanh-sieu-do_gp01.png",
    "maNhom": "GP01",
    "maPhim": 6320,
    "moTa": "Biển xanh và cát trắng nơi chưa nỗi bình yên.",
    "ngayKhoiChieu": "2021-05-26T17:39:33.367",
    "tenPhim": "Biển xanh siêu dơ",
    "trailer": "https://www.youtube.com/embed/pC5mGB5enkw",
  },
  Object {
    "biDanh": "111111",
    "danhGia": 10,
    "hinhAnh": "http://movie0706.cybersoft.edu.vn/hinhanh/111111_gp01.jpg",
    "maNhom": "GP01",
    "maPhim": 6378,
    "moTa": "zz",
    "ngayKhoiChieu": "2021-05-24T00:00:00",
    "tenPhim": "111111",
    "trailer": "zz",
  },
  Object {
    "biDanh": "2222",
    "danhGia": 10,
    "hinhAnh": "http://movie0706.cybersoft.edu.vn/hinhanh/2222_gp01.jpg",
    "maNhom": "GP01",
    "maPhim": 6524,
    "moTa": "22",
    "ngayKhoiChieu": "2021-06-29T00:00:00",
    "tenPhim": "2222",
    "trailer": "zzz",
  },
]
`;
